[INFO] Scanning for projects...
[INFO] Inspecting build with total of 1 modules
[INFO] Installing Central Publishing features
[INFO] 
[INFO] ---------------------< org.unlaxer:tinyExpression >---------------------
[INFO] Building tinyExpression 1.4.15
[INFO]   from pom.xml
[INFO] --------------------------------[ jar ]---------------------------------
[INFO] 
[INFO] --- exec:3.3.0:java (generate-tinyexpression-p4-runtime) @ tinyExpression ---
Generated: /home/opa/work/unlaxer-workspace/wt-te-223/target/generated-sources/tinyexpression-p4/runtime/org/unlaxer/tinyexpression/generated/p4/TinyExpressionP4Parsers.java
Generated: /home/opa/work/unlaxer-workspace/wt-te-223/target/generated-sources/tinyexpression-p4/runtime/org/unlaxer/tinyexpression/generated/p4/TinyExpressionP4AST.java
Generated: /home/opa/work/unlaxer-workspace/wt-te-223/target/generated-sources/tinyexpression-p4/runtime/org/unlaxer/tinyexpression/generated/p4/TinyExpressionP4Mapper.java
Generated: /home/opa/work/unlaxer-workspace/wt-te-223/target/generated-sources/tinyexpression-p4/runtime/org/unlaxer/tinyexpression/generated/p4/TinyExpressionP4Evaluator.java
[INFO] 
[INFO] --- exec:3.3.0:java (generate-tinyexpression-p4-railroad) @ tinyExpression ---
[INFO] skipping execute as per configuration
[INFO] 
[INFO] --- build-helper:3.5.0:add-source (add-generated-p4-runtime-sources) @ tinyExpression ---
[INFO] Source directory: /home/opa/work/unlaxer-workspace/wt-te-223/target/generated-sources/tinyexpression-p4/runtime added.
[INFO] 
[INFO] --- resources:3.0.2:resources (default-resources) @ tinyExpression ---
[INFO] Using 'UTF-8' encoding to copy filtered resources.
[INFO] Copying 6 resources
[INFO] 
[INFO] --- compiler:3.13.0:compile (default-compile) @ tinyExpression ---
[INFO] Recompiling the module because of changed source code.
[INFO] Compiling 624 source files with javac [debug target 21] to target/classes
[INFO] /home/opa/work/unlaxer-workspace/wt-te-223/src/main/java/org/unlaxer/compiler/PackageInternalsFinder.java: 一部の入力ファイルは推奨されないAPIを使用またはオーバーライドしています。
[INFO] /home/opa/work/unlaxer-workspace/wt-te-223/src/main/java/org/unlaxer/compiler/PackageInternalsFinder.java: 詳細は、-Xlint:deprecationオプションを指定して再コンパイルしてください。
[INFO] 
[INFO] --- build-helper:3.5.0:add-test-source (add-jmh-source) @ tinyExpression ---
[INFO] Test Source directory: /home/opa/work/unlaxer-workspace/wt-te-223/src/jmh/java added.
[INFO] 
[INFO] --- resources:3.0.2:testResources (default-testResources) @ tinyExpression ---
[INFO] Using 'UTF-8' encoding to copy filtered resources.
[INFO] Copying 6 resources
[INFO] 
[INFO] --- compiler:3.13.0:testCompile (default-testCompile) @ tinyExpression ---
[INFO] Recompiling the module because of changed dependency.
[INFO] Compiling 163 source files with javac [debug target 21] to target/test-classes
[INFO] /home/opa/work/unlaxer-workspace/wt-te-223/src/test/java/org/unlaxer/ParserTestBase.java: 一部の入力ファイルは推奨されないAPIを使用またはオーバーライドしています。
[INFO] /home/opa/work/unlaxer-workspace/wt-te-223/src/test/java/org/unlaxer/ParserTestBase.java: 詳細は、-Xlint:deprecationオプションを指定して再コンパイルしてください。
[INFO] 
[INFO] --- dependency:3.7.0:build-classpath (default-cli) @ tinyExpression ---
[INFO] Wrote classpath file '/home/opa/work/unlaxer-workspace/wt-te-223/target/jmh-classpath.txt'.
[INFO] ------------------------------------------------------------------------
[INFO] BUILD SUCCESS
[INFO] ------------------------------------------------------------------------
[INFO] Total time:  9.817 s
[INFO] Finished at: 2026-09-21T03:06:37+09:00
[INFO] ------------------------------------------------------------------------
# JMH version: 1.37
# VM version: JDK 21.0.9, Java HotSpot(TM) 64-Bit Server VM, 21.0.9+7-LTS-338
# VM invoker: /home/opa/.sdkman/candidates/java/21.0.9-oracle/bin/java
# VM options: --add-opens=java.base/java.util=ALL-UNNAMED --add-opens=java.base/java.lang=ALL-UNNAMED --add-opens=java.base/java.util=ALL-UNNAMED --add-opens=java.base/java.lang=ALL-UNNAMED
# Blackhole mode: compiler (auto-detected, use -Djmh.blackhole.autoDetect=false to disable)
# Warmup: 5 iterations, 1 s each
# Measurement: 8 iterations, 1 s each
# Timeout: 10 min per iteration
# Threads: 1 thread, will synchronize iterations
# Benchmark mode: Average time, time/op
# Benchmark: org.unlaxer.tinyexpression.benchmark.P4ParserBenchmark.publicFacade
# Parameters: (fixture = complex.tiny)

# Run progress: 0.00% complete, ETA 00:00:52
# Fork: 1 of 2
# Warmup Iteration   1: 152449.119 us/op
# Warmup Iteration   2: 73264.781 us/op
# Warmup Iteration   3: 71832.723 us/op
# Warmup Iteration   4: 85205.244 us/op
# Warmup Iteration   5: 81227.740 us/op
Iteration   1: 68421.543 us/op
Iteration   2: 73045.498 us/op
Iteration   3: 69122.832 us/op
Iteration   4: 69492.156 us/op
Iteration   5: 77813.838 us/op
Iteration   6: 74885.553 us/op
Iteration   7: 71045.480 us/op
Iteration   8: 74712.467 us/op

# Run progress: 25.00% complete, ETA 00:00:43
# Fork: 2 of 2
# Warmup Iteration   1: 118420.505 us/op
# Warmup Iteration   2: 75605.183 us/op
# Warmup Iteration   3: 70740.340 us/op
# Warmup Iteration   4: 75634.635 us/op
# Warmup Iteration   5: 111858.187 us/op
Iteration   1: 73529.705 us/op
Iteration   2: 71591.137 us/op
Iteration   3: 67652.355 us/op
Iteration   4: 66940.980 us/op
Iteration   5: 66279.954 us/op
Iteration   6: 72178.731 us/op
Iteration   7: 73065.596 us/op
Iteration   8: 76340.334 us/op


Result "org.unlaxer.tinyexpression.benchmark.P4ParserBenchmark.publicFacade":
  71632.385 ±(99.9%) 3491.936 us/op [Average]
  (min, avg, max) = (66279.954, 71632.385, 77813.838), stdev = 3429.548
  CI (99.9%): [68140.449, 75124.321] (assumes normal distribution)


# JMH version: 1.37
# VM version: JDK 21.0.9, Java HotSpot(TM) 64-Bit Server VM, 21.0.9+7-LTS-338
# VM invoker: /home/opa/.sdkman/candidates/java/21.0.9-oracle/bin/java
# VM options: --add-opens=java.base/java.util=ALL-UNNAMED --add-opens=java.base/java.lang=ALL-UNNAMED --add-opens=java.base/java.util=ALL-UNNAMED --add-opens=java.base/java.lang=ALL-UNNAMED
# Blackhole mode: compiler (auto-detected, use -Djmh.blackhole.autoDetect=false to disable)
# Warmup: 5 iterations, 1 s each
# Measurement: 8 iterations, 1 s each
# Timeout: 10 min per iteration
# Threads: 1 thread, will synchronize iterations
# Benchmark mode: Average time, time/op
# Benchmark: org.unlaxer.tinyexpression.benchmark.P4ParserBenchmark.publicFacade
# Parameters: (fixture = comparison-heavy.tiny)

# Run progress: 50.00% complete, ETA 00:00:28
# Fork: 1 of 2
# Warmup Iteration   1: 62637.363 us/op
# Warmup Iteration   2: 48496.985 us/op
# Warmup Iteration   3: 59383.878 us/op
# Warmup Iteration   4: 67089.154 us/op
# Warmup Iteration   5: 58250.110 us/op
Iteration   1: 39901.394 us/op
Iteration   2: 40726.798 us/op
Iteration   3: 37840.417 us/op
Iteration   4: 36412.213 us/op
Iteration   5: 37521.588 us/op
Iteration   6: 37671.343 us/op
Iteration   7: 39351.941 us/op
Iteration   8: 37012.598 us/op

# Run progress: 75.00% complete, ETA 00:00:14
# Fork: 2 of 2
# Warmup Iteration   1: 60469.331 us/op
# Warmup Iteration   2: 38746.848 us/op
# Warmup Iteration   3: 51013.991 us/op
# Warmup Iteration   4: 35844.851 us/op
# Warmup Iteration   5: 36427.221 us/op
Iteration   1: 36265.654 us/op
Iteration   2: 37063.122 us/op
Iteration   3: 38258.857 us/op
Iteration   4: 36821.560 us/op
Iteration   5: 36721.951 us/op
Iteration   6: 36318.352 us/op
Iteration   7: 35620.311 us/op
Iteration   8: 36070.210 us/op


Result "org.unlaxer.tinyexpression.benchmark.P4ParserBenchmark.publicFacade":
  37473.644 ±(99.9%) 1475.355 us/op [Average]
  (min, avg, max) = (35620.311, 37473.644, 40726.798), stdev = 1448.996
  CI (99.9%): [35998.289, 38948.999] (assumes normal distribution)


# Run complete. Total time: 00:00:56

REMEMBER: The numbers below are just data. To gain reusable insights, you need to follow up on
why the numbers are the way they are. Use profilers (see -prof, -lprof), design factorial
experiments, perform baseline and negative tests that provide experimental control, make sure
the benchmarking environment is safe on JVM/OS/HW level, ask for reviews from the domain experts.
Do not assume the numbers tell you what you want them to tell.

NOTE: Current JVM experimentally supports Compiler Blackholes, and they are in use. Please exercise
extra caution when trusting the results, look into the generated code to check the benchmark still
works, and factor in a small probability of new VM bugs. Additionally, while comparisons between
different JVMs are already problematic, the performance difference caused by different Blackhole
modes can be very significant. Please make sure you use the consistent Blackhole mode for comparisons.

Benchmark                                   (fixture)  Mode  Cnt      Score      Error  Units
P4ParserBenchmark.publicFacade           complex.tiny  avgt   16  71632.385 ± 3491.936  us/op
P4ParserBenchmark.publicFacade  comparison-heavy.tiny  avgt   16  37473.644 ± 1475.355  us/op

Benchmark result is saved to /home/opa/work/unlaxer-workspace/wt-te-223/benchmarks/results/raw/2026-09-21-commit-token-collection/java-candidate-run1.json
