[INFO] Scanning for projects...
[INFO] Inspecting build with total of 1 modules
[INFO] Installing Central Publishing features
[INFO] 
[INFO] ---------------------< org.unlaxer:tinyExpression >---------------------
[INFO] Building tinyExpression 1.4.15
[INFO]   from pom.xml
[INFO] --------------------------------[ jar ]---------------------------------
[INFO] 
[INFO] --- exec:3.3.0:java (generate-tinyexpression-p4-runtime) @ tinyExpression ---
Generated: /home/opa/work/unlaxer-workspace/wt-te-223/target/generated-sources/tinyexpression-p4/runtime/org/unlaxer/tinyexpression/generated/p4/TinyExpressionP4Parsers.java
Generated: /home/opa/work/unlaxer-workspace/wt-te-223/target/generated-sources/tinyexpression-p4/runtime/org/unlaxer/tinyexpression/generated/p4/TinyExpressionP4AST.java
Generated: /home/opa/work/unlaxer-workspace/wt-te-223/target/generated-sources/tinyexpression-p4/runtime/org/unlaxer/tinyexpression/generated/p4/TinyExpressionP4Mapper.java
Generated: /home/opa/work/unlaxer-workspace/wt-te-223/target/generated-sources/tinyexpression-p4/runtime/org/unlaxer/tinyexpression/generated/p4/TinyExpressionP4Evaluator.java
[INFO] 
[INFO] --- exec:3.3.0:java (generate-tinyexpression-p4-railroad) @ tinyExpression ---
[INFO] skipping execute as per configuration
[INFO] 
[INFO] --- build-helper:3.5.0:add-source (add-generated-p4-runtime-sources) @ tinyExpression ---
[INFO] Source directory: /home/opa/work/unlaxer-workspace/wt-te-223/target/generated-sources/tinyexpression-p4/runtime added.
[INFO] 
[INFO] --- resources:3.0.2:resources (default-resources) @ tinyExpression ---
[INFO] Using 'UTF-8' encoding to copy filtered resources.
[INFO] Copying 6 resources
[INFO] 
[INFO] --- compiler:3.13.0:compile (default-compile) @ tinyExpression ---
[INFO] Recompiling the module because of changed source code.
[INFO] Compiling 624 source files with javac [debug target 21] to target/classes
[INFO] /home/opa/work/unlaxer-workspace/wt-te-223/src/main/java/org/unlaxer/compiler/PackageInternalsFinder.java: 一部の入力ファイルは推奨されないAPIを使用またはオーバーライドしています。
[INFO] /home/opa/work/unlaxer-workspace/wt-te-223/src/main/java/org/unlaxer/compiler/PackageInternalsFinder.java: 詳細は、-Xlint:deprecationオプションを指定して再コンパイルしてください。
[INFO] 
[INFO] --- build-helper:3.5.0:add-test-source (add-jmh-source) @ tinyExpression ---
[INFO] Test Source directory: /home/opa/work/unlaxer-workspace/wt-te-223/src/jmh/java added.
[INFO] 
[INFO] --- resources:3.0.2:testResources (default-testResources) @ tinyExpression ---
[INFO] Using 'UTF-8' encoding to copy filtered resources.
[INFO] Copying 6 resources
[INFO] 
[INFO] --- compiler:3.13.0:testCompile (default-testCompile) @ tinyExpression ---
[INFO] Recompiling the module because of changed dependency.
[INFO] Compiling 163 source files with javac [debug target 21] to target/test-classes
[INFO] /home/opa/work/unlaxer-workspace/wt-te-223/src/test/java/org/unlaxer/ParserTestBase.java: 一部の入力ファイルは推奨されないAPIを使用またはオーバーライドしています。
[INFO] /home/opa/work/unlaxer-workspace/wt-te-223/src/test/java/org/unlaxer/ParserTestBase.java: 詳細は、-Xlint:deprecationオプションを指定して再コンパイルしてください。
[INFO] 
[INFO] --- dependency:3.7.0:build-classpath (default-cli) @ tinyExpression ---
[INFO] Wrote classpath file '/home/opa/work/unlaxer-workspace/wt-te-223/target/jmh-classpath.txt'.
[INFO] ------------------------------------------------------------------------
[INFO] BUILD SUCCESS
[INFO] ------------------------------------------------------------------------
[INFO] Total time:  10.175 s
[INFO] Finished at: 2026-09-21T03:03:11+09:00
[INFO] ------------------------------------------------------------------------
# JMH version: 1.37
# VM version: JDK 21.0.9, Java HotSpot(TM) 64-Bit Server VM, 21.0.9+7-LTS-338
# VM invoker: /home/opa/.sdkman/candidates/java/21.0.9-oracle/bin/java
# VM options: --add-opens=java.base/java.util=ALL-UNNAMED --add-opens=java.base/java.lang=ALL-UNNAMED --add-opens=java.base/java.util=ALL-UNNAMED --add-opens=java.base/java.lang=ALL-UNNAMED
# Blackhole mode: compiler (auto-detected, use -Djmh.blackhole.autoDetect=false to disable)
# Warmup: 5 iterations, 1 s each
# Measurement: 8 iterations, 1 s each
# Timeout: 10 min per iteration
# Threads: 1 thread, will synchronize iterations
# Benchmark mode: Average time, time/op
# Benchmark: org.unlaxer.tinyexpression.benchmark.P4ParserBenchmark.publicFacade
# Parameters: (fixture = complex.tiny)

# Run progress: 0.00% complete, ETA 00:00:52
# Fork: 1 of 2
# Warmup Iteration   1: 151796.931 us/op
# Warmup Iteration   2: 150947.507 us/op
# Warmup Iteration   3: 77506.817 us/op
# Warmup Iteration   4: 80827.758 us/op
# Warmup Iteration   5: 72593.110 us/op
Iteration   1: 80092.048 us/op
Iteration   2: 73625.767 us/op
Iteration   3: 72553.891 us/op
Iteration   4: 72640.507 us/op
Iteration   5: 71957.224 us/op
Iteration   6: 72176.256 us/op
Iteration   7: 72385.180 us/op
Iteration   8: 77532.960 us/op

# Run progress: 25.00% complete, ETA 00:00:42
# Fork: 2 of 2
# Warmup Iteration   1: 129945.984 us/op
# Warmup Iteration   2: 127307.501 us/op
# Warmup Iteration   3: 72809.439 us/op
# Warmup Iteration   4: 75290.276 us/op
# Warmup Iteration   5: 74833.904 us/op
Iteration   1: 71418.746 us/op
Iteration   2: 72936.076 us/op
Iteration   3: 73267.952 us/op
Iteration   4: 87761.092 us/op
Iteration   5: 107149.578 us/op
Iteration   6: 84702.963 us/op
Iteration   7: 80742.810 us/op
Iteration   8: 74434.396 us/op


Result "org.unlaxer.tinyexpression.benchmark.P4ParserBenchmark.publicFacade":
  77836.090 ±(99.9%) 9424.485 us/op [Average]
  (min, avg, max) = (71418.746, 77836.090, 107149.578), stdev = 9256.105
  CI (99.9%): [68411.605, 87260.575] (assumes normal distribution)


# JMH version: 1.37
# VM version: JDK 21.0.9, Java HotSpot(TM) 64-Bit Server VM, 21.0.9+7-LTS-338
# VM invoker: /home/opa/.sdkman/candidates/java/21.0.9-oracle/bin/java
# VM options: --add-opens=java.base/java.util=ALL-UNNAMED --add-opens=java.base/java.lang=ALL-UNNAMED --add-opens=java.base/java.util=ALL-UNNAMED --add-opens=java.base/java.lang=ALL-UNNAMED
# Blackhole mode: compiler (auto-detected, use -Djmh.blackhole.autoDetect=false to disable)
# Warmup: 5 iterations, 1 s each
# Measurement: 8 iterations, 1 s each
# Timeout: 10 min per iteration
# Threads: 1 thread, will synchronize iterations
# Benchmark mode: Average time, time/op
# Benchmark: org.unlaxer.tinyexpression.benchmark.P4ParserBenchmark.publicFacade
# Parameters: (fixture = comparison-heavy.tiny)

# Run progress: 50.00% complete, ETA 00:00:28
# Fork: 1 of 2
# Warmup Iteration   1: 73545.791 us/op
# Warmup Iteration   2: 40045.992 us/op
# Warmup Iteration   3: 45119.219 us/op
# Warmup Iteration   4: 39220.799 us/op
# Warmup Iteration   5: 38561.779 us/op
Iteration   1: 39125.427 us/op
Iteration   2: 40331.040 us/op
Iteration   3: 44186.963 us/op
Iteration   4: 39356.273 us/op
Iteration   5: 38330.478 us/op
Iteration   6: 38815.221 us/op
Iteration   7: 38315.896 us/op
Iteration   8: 38329.807 us/op

# Run progress: 75.00% complete, ETA 00:00:14
# Fork: 2 of 2
# Warmup Iteration   1: 84061.659 us/op
# Warmup Iteration   2: 40598.413 us/op
# Warmup Iteration   3: 45795.331 us/op
# Warmup Iteration   4: 41833.588 us/op
# Warmup Iteration   5: 38414.625 us/op
Iteration   1: 42103.153 us/op
Iteration   2: 39606.831 us/op
Iteration   3: 38776.252 us/op
Iteration   4: 41183.699 us/op
Iteration   5: 46295.367 us/op
Iteration   6: 40419.837 us/op
Iteration   7: 40736.741 us/op
Iteration   8: 41470.270 us/op


Result "org.unlaxer.tinyexpression.benchmark.P4ParserBenchmark.publicFacade":
  40461.453 ±(99.9%) 2280.054 us/op [Average]
  (min, avg, max) = (38315.896, 40461.453, 46295.367), stdev = 2239.318
  CI (99.9%): [38181.400, 42741.507] (assumes normal distribution)


# Run complete. Total time: 00:00:56

REMEMBER: The numbers below are just data. To gain reusable insights, you need to follow up on
why the numbers are the way they are. Use profilers (see -prof, -lprof), design factorial
experiments, perform baseline and negative tests that provide experimental control, make sure
the benchmarking environment is safe on JVM/OS/HW level, ask for reviews from the domain experts.
Do not assume the numbers tell you what you want them to tell.

NOTE: Current JVM experimentally supports Compiler Blackholes, and they are in use. Please exercise
extra caution when trusting the results, look into the generated code to check the benchmark still
works, and factor in a small probability of new VM bugs. Additionally, while comparisons between
different JVMs are already problematic, the performance difference caused by different Blackhole
modes can be very significant. Please make sure you use the consistent Blackhole mode for comparisons.

Benchmark                                   (fixture)  Mode  Cnt      Score      Error  Units
P4ParserBenchmark.publicFacade           complex.tiny  avgt   16  77836.090 ± 9424.485  us/op
P4ParserBenchmark.publicFacade  comparison-heavy.tiny  avgt   16  40461.453 ± 2280.054  us/op

Benchmark result is saved to /home/opa/work/unlaxer-workspace/wt-te-223/benchmarks/results/raw/2026-09-21-commit-token-collection/java-baseline-run1.json
